// Jest Snapshot v1, https://goo.gl/fbAQLP

exports[`renders correctly 1`] = `
<View
  accessibilityIgnoresInvertColors={true}
  style={
    {
      "flex": 1,
      "height": "100%",
      "width": "100%",
    }
  }
>
  <Image
    resizeMode="cover"
    source={
      {
        "testUri": "../../../components/screens/img/bg_1.jpg",
      }
    }
    style={
      [
        {
          "bottom": 0,
          "left": 0,
          "position": "absolute",
          "right": 0,
          "top": 0,
        },
        {
          "height": "100%",
          "width": "100%",
        },
        undefined,
      ]
    }
  />
  <RCTScrollView
    style={
      {
        "backgroundColor": "rgba(0, 0, 0, 0.5)",
        "flex": 1,
      }
    }
  >
    <View>
      <View
        style={
          {
            "alignContent": "center",
            "alignItems": "center",
            "backgroundColor": "transparent",
            "borderTopLeftRadius": 25,
            "borderTopRightRadius": 25,
            "display": "flex",
            "flexDirection": "column",
            "flexWrap": "wrap",
            "justifyContent": "center",
            "margin": 20,
            "padding": 10,
          }
        }
      >
        <View
          style={
            {
              "margin": 10,
              "padding": 10,
            }
          }
        >
          <View
            style={
              {
                "alignContent": "center",
                "alignItems": "center",
                "display": "flex",
                "flexDirection": "column",
                "flexWrap": "wrap",
                "justifyContent": "center",
              }
            }
          >
            <Image
              source={
                {
                  "testUri": "../../../components/screens/img/logoWhite.png",
                }
              }
              style={
                {
                  "alignContent": "center",
                  "alignItems": "center",
                  "height": 75,
                  "justifyContent": "center",
                  "margin": 10,
                  "resizeMode": "contain",
                  "width": 100,
                }
              }
            />
            <View
              style={
                {
                  "alignContent": "center",
                  "alignItems": "center",
                  "display": "flex",
                  "flexDirection": "column",
                  "flexWrap": "wrap",
                  "justifyContent": "center",
                }
              }
            >
              <Text
                style={
                  {
                    "color": "white",
                    "fontSize": 32,
                    "fontWeight": "bold",
                    "margin": 10,
                    "marginBottom": 20,
                    "textAlign": "center",
                  }
                }
              >
                Witaj w BiletSferze
              </Text>
              <Text
                style={
                  {
                    "color": "white",
                    "fontSize": 12,
                    "fontWeight": "bold",
                    "textAlign": "center",
                  }
                }
              >
                Zaloguj się, aby kontynuować.
              </Text>
            </View>
          </View>
        </View>
        <View
          style={
            {
              "alignContent": "center",
              "alignItems": "center",
              "borderTopLeftRadius": 40,
              "borderTopRightRadius": 40,
              "display": "flex",
              "flexDirection": "column",
              "flexWrap": "wrap",
              "justifyContent": "center",
              "padding": 0,
              "width": "100%",
            }
          }
        >
          <View>
            <Text
              style={
                {
                  "color": "white",
                  "fontSize": 16,
                  "marginTop": 20,
                  "textAlign": "left",
                }
              }
            >
              Login
            </Text>
            <TextInput
              keyboardType="default"
              onChangeText={[Function]}
              style={
                {
                  "borderBottomWidth": 2,
                  "borderColor": "white",
                  "borderRadius": 5,
                  "color": "white",
                  "marginBottom": 10,
                  "padding": 5,
                  "paddingLeft": 15,
                  "textAlign": "left",
                }
              }
              value=""
            />
            <Text
              style={
                {
                  "color": "white",
                  "fontSize": 16,
                  "marginTop": 20,
                  "textAlign": "left",
                }
              }
            >
              Hasło
            </Text>
            <TextInput
              keyboardType="default"
              onChangeText={[Function]}
              secureTextEntry={true}
              style={
                {
                  "borderBottomWidth": 2,
                  "borderColor": "white",
                  "borderRadius": 5,
                  "color": "white",
                  "marginBottom": 10,
                  "padding": 5,
                  "paddingLeft": 15,
                  "textAlign": "left",
                }
              }
              value=""
            />
            <View
              accessibilityState={
                {
                  "busy": undefined,
                  "checked": undefined,
                  "disabled": undefined,
                  "expanded": undefined,
                  "selected": undefined,
                }
              }
              accessibilityValue={
                {
                  "max": undefined,
                  "min": undefined,
                  "now": undefined,
                  "text": undefined,
                }
              }
              accessible={true}
              collapsable={false}
              focusable={true}
              onClick={[Function]}
              onResponderGrant={[Function]}
              onResponderMove={[Function]}
              onResponderRelease={[Function]}
              onResponderTerminate={[Function]}
              onResponderTerminationRequest={[Function]}
              onStartShouldSetResponder={[Function]}
              style={
                {
                  "backgroundColor": "#6B3FA0",
                  "borderBottomWidth": 1,
                  "borderColor": "#6B3FA0",
                  "borderRadius": 5,
                  "justifyContent": "center",
                  "margin": 25,
                  "opacity": 1,
                  "padding": 12,
                  "width": 250,
                }
              }
            >
              <Text
                style={
                  {
                    "color": "white",
                    "textAlign": "center",
                  }
                }
              >
                Zaloguj się
              </Text>
            </View>
          </View>
        </View>
      </View>
    </View>
  </RCTScrollView>
  <View
    collapsable={false}
    pointerEvents="box-none"
    style={
      {
        "left": 0,
        "opacity": 0,
        "position": "absolute",
        "right": 0,
        "top": 0,
        "transform": [
          {
            "translateY": -48,
          },
        ],
        "zIndex": 99,
      }
    }
  />
</View>
`;
