// Jest Snapshot v1, https://goo.gl/fbAQLP

exports[`renders correctly 1`] = `
<RCTScrollView
  contentContainerStyle={
    {
      "flexGrow": 1,
      "padding": 0,
    }
  }
>
  <View>
    <Text
      style={
        {
          "borderBottomWidth": 1,
          "color": "#2d1a42",
          "fontSize": 20,
          "fontWeight": "bold",
          "marginBottom": 10,
          "marginLeft": 0,
          "padding": 20,
          "paddingBottom": 10,
          "paddingLeft": 20,
          "textAlign": "left",
          "textTransform": "uppercase",
        }
      }
    >
      Historia zakup√≥w
    </Text>
  </View>
</RCTScrollView>
`;
